// Jest Snapshot v1, https://goo.gl/fbAQLP

exports[`CallbackComponent should compile 1`] = `
<test-component>
  <pm-callback>
    callback
  </pm-callback>
</test-component>
`;
