// Jest Snapshot v1, https://goo.gl/fbAQLP

exports[`HomeComponent should compile 1`] = `
<pm-home>
  Home
</pm-home>
`;
