// Jest Snapshot v1, https://goo.gl/fbAQLP

exports[`App component should build without a problem 1`] = `
<div
  id="root0"
  ng-version="6.0.0-rc.0"
>
  <pm-app>
    <pm-navbar>
      <nav>
        
      </nav>
    </pm-navbar>
    <main>
      <router-outlet />
    </main>
  </pm-app>
</div>
`;
